kotlin version: 2.4.10
error message: Incremental compilation failed: Unable to allocate 1048576 bytes
java.lang.AssertionError: Unable to allocate 1048576 bytes
	at org.jetbrains.kotlin.com.intellij.openapi.diagnostic.DefaultLogger.error(DefaultLogger.java:90)
	at org.jetbrains.kotlin.com.intellij.openapi.diagnostic.Logger.error(Logger.java:439)
	at org.jetbrains.kotlin.com.intellij.util.io.PersistentEnumeratorBase.catchCorruption(PersistentEnumeratorBase.java:696)
	at org.jetbrains.kotlin.com.intellij.util.io.PersistentEnumeratorBase.doEnumerate(PersistentEnumeratorBase.java:267)
	at org.jetbrains.kotlin.com.intellij.util.io.PersistentEnumeratorBase.tryEnumerate(PersistentEnumeratorBase.java:258)
	at org.jetbrains.kotlin.com.intellij.util.io.PersistentMapImpl.doGet(PersistentMapImpl.java:657)
	at org.jetbrains.kotlin.com.intellij.util.io.PersistentMapImpl.get(PersistentMapImpl.java:615)
	at org.jetbrains.kotlin.com.intellij.util.io.PersistentHashMap.get(PersistentHashMap.java:196)
	at org.jetbrains.kotlin.incremental.storage.LazyStorage.get(LazyStorage.kt:76)
	at org.jetbrains.kotlin.incremental.storage.InMemoryStorage.get(InMemoryStorage.kt:68)
	at org.jetbrains.kotlin.incremental.storage.AppendableInMemoryStorage.get(InMemoryStorage.kt:155)
	at org.jetbrains.kotlin.incremental.storage.AppendableInMemoryStorage.get(InMemoryStorage.kt:147)
	at org.jetbrains.kotlin.incremental.storage.AppendableSetBasicMap.get(BasicMap.kt:137)
	at org.jetbrains.kotlin.incremental.storage.SourceToOutputFilesMap.getAndRemove(SourceToOutputFilesMap.kt:22)
	at org.jetbrains.kotlin.incremental.InputsCache.removeOutputForSourceFiles(InputsCache.kt:44)
	at org.jetbrains.kotlin.incremental.IncrementalCompilerRunner.doCompile(IncrementalCompilerRunner.kt:510)
	at org.jetbrains.kotlin.incremental.IncrementalCompilerRunner.compileImpl(IncrementalCompilerRunner.kt:451)
	at org.jetbrains.kotlin.incremental.IncrementalCompilerRunner.tryCompileIncrementally$lambda$0$compile(IncrementalCompilerRunner.kt:271)
	at org.jetbrains.kotlin.incremental.IncrementalCompilerRunner.tryCompileIncrementally(IncrementalCompilerRunner.kt:289)
	at org.jetbrains.kotlin.incremental.IncrementalCompilerRunner.compile(IncrementalCompilerRunner.kt:130)
	at org.jetbrains.kotlin.daemon.CompileServiceImplBase.execIncrementalCompiler(CompileServiceImpl.kt:782)
	at org.jetbrains.kotlin.daemon.CompileServiceImplBase.access$execIncrementalCompiler(CompileServiceImpl.kt:108)
	at org.jetbrains.kotlin.daemon.CompileServiceImpl.compile(CompileServiceImpl.kt:2046)
	at java.base/jdk.internal.reflect.NativeMethodAccessorImpl.invoke0(Native Method)
	at java.base/jdk.internal.reflect.NativeMethodAccessorImpl.invoke(NativeMethodAccessorImpl.java:77)
	at java.base/jdk.internal.reflect.DelegatingMethodAccessorImpl.invoke(DelegatingMethodAccessorImpl.java:43)
	at java.base/java.lang.reflect.Method.invoke(Method.java:568)
	at java.rmi/sun.rmi.server.UnicastServerRef.dispatch(UnicastServerRef.java:360)
	at java.rmi/sun.rmi.transport.Transport$1.run(Transport.java:200)
	at java.rmi/sun.rmi.transport.Transport$1.run(Transport.java:197)
	at java.base/java.security.AccessController.doPrivileged(AccessController.java:712)
	at java.rmi/sun.rmi.transport.Transport.serviceCall(Transport.java:196)
	at java.rmi/sun.rmi.transport.tcp.TCPTransport.handleMessages(TCPTransport.java:587)
	at java.rmi/sun.rmi.transport.tcp.TCPTransport$ConnectionHandler.run0(TCPTransport.java:828)
	at java.rmi/sun.rmi.transport.tcp.TCPTransport$ConnectionHandler.lambda$run$0(TCPTransport.java:705)
	at java.base/java.security.AccessController.doPrivileged(AccessController.java:399)
	at java.rmi/sun.rmi.transport.tcp.TCPTransport$ConnectionHandler.run(TCPTransport.java:704)
	at java.base/java.util.concurrent.ThreadPoolExecutor.runWorker(ThreadPoolExecutor.java:1136)
	at java.base/java.util.concurrent.ThreadPoolExecutor$Worker.run(ThreadPoolExecutor.java:635)
	at java.base/java.lang.Thread.run(Thread.java:842)
Caused by: java.lang.OutOfMemoryError: Unable to allocate 1048576 bytes
	at java.base/jdk.internal.misc.Unsafe.allocateMemory(Unsafe.java:632)
	at java.base/java.nio.DirectByteBuffer.<init>(DirectByteBuffer.java:125)
	at java.base/java.nio.ByteBuffer.allocateDirect(ByteBuffer.java:332)
	at org.jetbrains.kotlin.com.intellij.util.io.DirectByteBufferAllocator.lambda$allocateNewBuffer$1(DirectByteBufferAllocator.java:185)
	at org.jetbrains.kotlin.com.intellij.util.io.DirectByteBufferAllocator.allocate(DirectByteBufferAllocator.java:64)
	at org.jetbrains.kotlin.com.intellij.util.io.DirectByteBufferAllocator.allocateNewBuffer(DirectByteBufferAllocator.java:185)
	at org.jetbrains.kotlin.com.intellij.util.io.DirectByteBufferAllocator.allocate(DirectByteBufferAllocator.java:153)
	at org.jetbrains.kotlin.com.intellij.util.io.DirectBufferWrapper.allocateAndLoadFileContent(DirectBufferWrapper.java:234)
	at org.jetbrains.kotlin.com.intellij.util.io.DirectBufferWrapper.<init>(DirectBufferWrapper.java:65)
	at org.jetbrains.kotlin.com.intellij.util.io.FilePageCache.allocateAndLoadPage(FilePageCache.java:542)
	at org.jetbrains.kotlin.com.intellij.util.io.FilePageCache.get(FilePageCache.java:238)
	at org.jetbrains.kotlin.com.intellij.util.io.PagedFileStorage.doGetBufferWrapper(PagedFileStorage.java:460)
	at org.jetbrains.kotlin.com.intellij.util.io.PagedFileStorage.getBufferWrapper(PagedFileStorage.java:432)
	at org.jetbrains.kotlin.com.intellij.util.io.PagedFileStorage.getByteBuffer(PagedFileStorage.java:193)
	at org.jetbrains.kotlin.com.intellij.util.io.IntToIntBtree$BtreeIndexNodeView.lockBuffer(IntToIntBtree.java:476)
	at org.jetbrains.kotlin.com.intellij.util.io.IntToIntBtree$BtreeIndexNodeView.syncWithStore(IntToIntBtree.java:462)
	at org.jetbrains.kotlin.com.intellij.util.io.IntToIntBtree$BtreeIndexNodeView.setAddress(IntToIntBtree.java:458)
	at org.jetbrains.kotlin.com.intellij.util.io.IntToIntBtree$BtreeIndexNodeView.setAddress(IntToIntBtree.java:445)
	at org.jetbrains.kotlin.com.intellij.util.io.IntToIntBtree$BtreeRootNode.syncWithStore(IntToIntBtree.java:128)
	at org.jetbrains.kotlin.com.intellij.util.io.IntToIntBtree$BtreeRootNode.getNodeView(IntToIntBtree.java:133)
	at org.jetbrains.kotlin.com.intellij.util.io.IntToIntBtree.initAccessNodeView(IntToIntBtree.java:205)
	at org.jetbrains.kotlin.com.intellij.util.io.IntToIntBtree.get(IntToIntBtree.java:177)
	at org.jetbrains.kotlin.com.intellij.util.io.PersistentBTreeEnumerator.enumerateImpl(PersistentBTreeEnumerator.java:592)
	at org.jetbrains.kotlin.com.intellij.util.io.PersistentEnumeratorBase.lambda$doEnumerate$0(PersistentEnumeratorBase.java:268)
	at org.jetbrains.kotlin.com.intellij.util.io.PersistentEnumeratorBase.catchCorruption(PersistentEnumeratorBase.java:673)
	... 37 more


